
> temp-raptor@0.1.0 build
> next build

Ôû▓ Next.js 16.2.1 (Turbopack)
- Environments: .env.local

node.exe : ÔÜá The 
"middleware" file 
convention is 
deprecated. Please use 
"proxy" instead. Learn 
more: https://nextjs.or
g/docs/messages/middlew
are-to-proxy
En línea: 1 Carácter: 1
+ & "C:\Program 
Files\nodejs/node.exe" 
"C:\Program 
Files\nodejs/node_mo 
...
+ ~~~~~~~~~~~~~~~~~~~~~
~~~~~~~~~~~~~~~~~~~~~~~
~~~~~~~~~~~~~~~~~~~~~~~
~~
    + CategoryInfo     
         : NotSpecifi  
  ed: (ÔÜá The "midd   
 le...leware-to-pro    
xy:String) [], Rem    
oteException
    + FullyQualifiedEr 
   rorId : NativeComm  
  andError
 
  Creating an optimized production build ...

> Build error occurred
Error: Turbopack build 
failed with 14 errors:
./src/app/(tutor)
You cannot have two 
parallel pages that 
resolve to the same 
path. Please check 
/(admin)/anuncios and 
/(tutor).

./src/app/(estudiante)
You cannot have two 
parallel pages that 
resolve to the same 
path. Please check 
/(admin)/dashboard and 
/(estudiante).

./src/app/(tutor)
You cannot have two 
parallel pages that 
resolve to the same 
path. Please check 
/(admin)/estudiantes 
and /(tutor).

./src/app/(tutor)
You cannot have two 
parallel pages that 
resolve to the same 
path. Please check /(es
tudiante)/calendario 
and /(tutor).

./src/app/(superadmin)
You cannot have two 
parallel pages that 
resolve to the same 
path. Please check /(es
tudiante)/dashboard 
and /(superadmin).

./src/app/(tutor)
You cannot have two 
parallel pages that 
resolve to the same 
path. Please check /(su
peradmin)/dashboard 
and /(tutor).

./src/app/(estudiante)/
calendario/page.tsx:3:2
1
`ssr: false` is not 
allowed with 
`next/dynamic` in 
Server Components. 
Please move it into a 
Client Component.
  [90m1 |[0m 
...dynamic 
[36mfrom[0m [32m"nex
t/dynamic"[0m;
  [90m2 |[0m ...
[31m[1m>[0m [90m3 
|[0m 
...[33medCalendar[0m 
= dynamic(() => [36mim
port[0m([32m"@/compon
ents/shared/Calendar"[
0m).then(mod => 
mod.[33mShared...[0m
  [90m  |[0m         
     [31m[1m^^^^^^^^^
^^^^^^^^^^^^^^^^^^^^^^^
^^^^^^^^^^^^^^^^^^^^^^^
^^^^^^^^^^^^^^^^^^^^^^^
^^^[0m
[31m[1m>[0m [90m4 
|[0m ...[36mse[0m,
  [90m  |[0m    [31m
[1m^^^^^^^^^^^^^[0m
[31m[1m>[0m [90m5 
|[0m ... () => <div cl
assName=[32m"h-[600px]
 w-full animate-pulse 
bg-muted 
rounded-xl"[0m />
  [90m  |[0m    [31m
[1m^^^^^^^^^^^^^^^^^^^
^^^^^^^^^^^^^^^^^^^^^^^
^^^^^^^^^^^^^^^^^^^^^^^
^^^^^^^^^^^^^^^^^^^^^^^
[0m
  [90m6 |[0m ...
  [90m7 |[0m ...
  [90m8 |[0m 
...[33m_EVENTS[0m = [

Ecmascript file had an 
error


./src/app/(estudiante)/
clase/[claseId]/page.ts
x:8:21
`ssr: false` is not 
allowed with 
`next/dynamic` in 
Server Components. 
Please move it into a 
Client Component.
  [90m 6 |[0m
  [90m 7 |[0m 
[90m// Importaci├│n 
din├ímica para 
optimizar el bundle 
inicial[0m
[31m[1m>[0m [90m 8 
|[0m [36mconst[0m 
[33mVideoPlayer[0m = 
dynamic(
  [90m   |[0m        
             
[31m[1m^^^^^^^[0m
[31m[1m>[0m [90m 9 
|[0m     () => [36mim
port[0m([32m"../../..
/components/shared/Vide
oPlayer"[0m).then((mod
) => mod.[33mVideoPlay
er[0m),
  [90m   |[0m [31m[
1m^^^^^^^^^^^^^^^^^^^^^
^^^^^^^^^^^^^^^^^^^^^^^
^^^^^^^^^^^^^^^^^^^^^^^
^^^^^^^^^^^^^^^^^^^^^^^
[0m
[31m[1m>[0m [90m10 
|[0m     {
  [90m   |[0m 
[31m[1m^^^^^[0m
[31m[1m>[0m [90m11 
|[0m         loading: 
() => 
<[33mSkeleton[0m 
className=[32m"w-full 
aspect-video 
rounded-lg"[0m />,
  [90m   |[0m [31m[
1m^^^^^^^^^^^^^^^^^^^^^
^^^^^^^^^^^^^^^^^^^^^^^
^^^^^^^^^^^^^^^^^^^^^^^
^^^^^^^^^^^^[0m
[31m[1m>[0m [90m12 
|[0m         ssr: 
[36mfalse[0m
  [90m   |[0m [31m[
1m^^^^^^^^^^^^^^^^^^[0
m
[31m[1m>[0m [90m13 
|[0m     }
  [90m   |[0m 
[31m[1m^^^^^[0m
[31m[1m>[0m [90m14 
|[0m );
  [90m   |[0m 
[31m[1m^[0m
  [90m15 |[0m
  [90m16 |[0m 
[36mimport[0m { [33m
ClaseClientWrapper[0m 
} [36mfrom[0m [32m"@
/components/academico/C
laseClientWrapper"[0m;
  [90m17 |[0m

Ecmascript file had an 
error


./src/app/(estudiante)/
simulacro/[simulacroId]
/page.tsx
Module not found: 
Can't resolve '../../..
/components/shared/Driv
eFileViewer'


Import traces:
  Client Component 
Browser:
    ./src/app/(estudian
te)/simulacro/[simulacr
oId]/page.tsx [Client 
Component Browser]
    ./src/app/(estudian
te)/simulacro/[simulacr
oId]/page.tsx [Server 
Component]

  Client Component SSR:
    ./src/app/(estudian
te)/simulacro/[simulacr
oId]/page.tsx [Client 
Component SSR]
    ./src/app/(estudian
te)/simulacro/[simulacr
oId]/page.tsx [Server 
Component]

https://nextjs.org/docs
/messages/module-not-fo
und


./src/app/(estudiante)/
simulacro/[simulacroId]
/page.tsx:8:39
Module not found: 
Can't resolve '../../..
/components/shared/Driv
eFileViewer'
  [90m 6 |[0m ...[32
mnext/dynamic"[0m;
  [90m 7 |[0m 
...[36mrom[0m [32m"@
/components/ui/skeleton
"[0m;
[31m[1m>[0m [90m 8 
|[0m ... = dynamic(() 
=> [36mimport[0m([32
m"../../../components/s
hared/DriveFileViewer"
[0m).then(mod => 
mod.[33mD...[0m
  [90m   |[0m        
             [31m[1m^
^^^^^^^^^^^^^^^^^^^^^^^
^^^^^^^^^^^^^^^^^^^^^^^
^^^^^[0m
  [90m 9 |[0m 
...[33mleton[0m 
className=[32m"w-full 
h-[600px] 
rounded-lg"[0m />,
  [90m10 |[0m ...
  [90m11 |[0m ...



Import traces:
  Client Component 
Browser:
    ./src/app/(estudian
te)/simulacro/[simulacr
oId]/page.tsx [Client 
Component Browser]
    ./src/app/(estudian
te)/simulacro/[simulacr
oId]/page.tsx [Server 
Component]

  Client Component SSR:
    ./src/app/(estudian
te)/simulacro/[simulacr
oId]/page.tsx [Client 
Component SSR]
    ./src/app/(estudian
te)/simulacro/[simulacr
oId]/page.tsx [Server 
Component]

https://nextjs.org/docs
/messages/module-not-fo
und


./src/app/(estudiante)/
clase/[claseId]/page.ts
x
Module not found: 
Can't resolve '../../..
/components/shared/Vide
oPlayer'


https://nextjs.org/docs
/messages/module-not-fo
und


./src/app/(estudiante)/
clase/[claseId]/page.ts
x:9:11
Module not found: 
Can't resolve '../../..
/components/shared/Vide
oPlayer'
  [90m 7 |[0m 
[90m// Importaci├│n 
din├ímica para 
optimizar el bundle 
inicial[0m
  [90m 8 |[0m 
[36mconst[0m 
[33mVideoPlayer[0m = 
dynamic(
[31m[1m>[0m [90m 9 
|[0m     () => [36mim
port[0m([32m"../../..
/components/shared/Vide
oPlayer"[0m).then((mod
) => mod.[33mVideoPlay
er[0m),
  [90m   |[0m        
   [31m[1m^^^^^^^^^^^
^^^^^^^^^^^^^^^^^^^^^^^
^^^^^^^^^^^^^^[0m
  [90m10 |[0m     {
  [90m11 |[0m        
 loading: () => 
<[33mSkeleton[0m 
className=[32m"w-full 
aspect-video 
rounded-lg"[0m />,
  [90m12 |[0m        
 ssr: [36mfalse[0m



https://nextjs.org/docs
/messages/module-not-fo
und


./src/app/(auth)/bridge
/page.tsx:13:1
Module not found: 
Can't resolve 
'@/components/ui/form'
  [90m11 |[0m ... 
[33mInput[0m } 
[36mfrom[0m [32m"@/c
omponents/ui/input"[0m
;
  [90m12 |[0m ... 
[33mLabel[0m } 
[36mfrom[0m [32m"@/c
omponents/ui/label"[0m
;
[31m[1m>[0m [90m13 
|[0m ... 
[33mForm[0m, 
[33mFormControl[0m, 
[33mFormField[0m, 
[33mFormItem[0m, 
[33mFormLabel[0m, 
[33mFormMessage[0m } 
[36mfrom[0m [32m"@/c
omponents/ui...[0m
  [90m   |[0m    [31
m[1m^^^^^^^^^^^^^^^^^^
^^^^^^^^^^^^^^^^^^^^^^^
^^^^^^^^^^^^^^^^^^^^^^^
^^^^^^^^^^^^^^^^^^^^^^^
^^^[0m
  [90m14 |[0m ... 
toast } [36mfrom[0m 
[32m"sonner"[0m;
  [90m15 |[0m ... 
signInWithGoogle, auth 
} [36mfrom[0m [32m"@
/lib/firebase/auth"[0m
;
  [90m16 |[0m ... db 
} [36mfrom[0m [32m"@
/lib/firebase/client"[
0m;

Import map: aliased to 
relative './src/compone
nts/ui/form' inside of 
[project]/


Import traces:
  Client Component 
Browser:
    ./src/app/(auth)/br
idge/page.tsx [Client 
Component Browser]
    ./src/app/(auth)/br
idge/page.tsx [Server 
Component]

  Client Component SSR:
    ./src/app/(auth)/br
idge/page.tsx [Client 
Component SSR]
    ./src/app/(auth)/br
idge/page.tsx [Server 
Component]

https://nextjs.org/docs
/messages/module-not-fo
und


./src/app/(auth)/bridge
/page.tsx:11:46
Module not found: 
Can't resolve 
'@/components/ui/form'
  [90m 9 |[0m ...[33
mardDescription[0m, 
[33mCardHeader[0m, 
[33mCardTitle[0m, 
[33mCardFooter[0m } 
[36mfrom[0m [32m"@/c
omponents/ui/card"[0m;
  [90m10 |[0m ...[32
monents/ui/input"[0m;
[31m[1m>[0m [90m11 
|[0m ...[32monents/ui
/label"[0m;
  [90m   |[0m        
            
[31m[1m^[0m
[31m[1m>[0m [90m12 
|[0m 
...[33mormField[0m, 
[33mFormItem[0m, 
[33mFormLabel[0m, 
[33mFormMessage[0m } 
[36mfrom[0m [32m"@/c
omponents/ui/form"[0m;
  [90m   |[0m    [31
m[1m^^^^^^^^^^^^^^^^^^
^^^^^^^^^^^^^^^^^^^^^^^
^^^^^^^^^^^^^^^^^^^^^^^
^^^^^^^^^^^^^^^^^^^^^^^
^^^[0m
  [90m13 |[0m 
...[32m"[0m;
  [90m14 |[0m ...th 
} [36mfrom[0m [32m"@
/lib/firebase/auth"[0m
;
  [90m15 |[0m ...[32
mebase/client"[0m;

Import map: aliased to 
relative './src/compone
nts/ui/form' inside of 
[project]/


Import traces:
  Client Component 
Browser:
    ./src/app/(auth)/br
idge/page.tsx [Client 
Component Browser]
    ./src/app/(auth)/br
idge/page.tsx [Server 
Component]

  Client Component SSR:
    ./src/app/(auth)/br
idge/page.tsx [Client 
Component SSR]
    ./src/app/(auth)/br
idge/page.tsx [Server 
Component]

https://nextjs.org/docs
/messages/module-not-fo
und


    at <unknown> (./src
/app/(estudiante)/calen
dario/page.tsx:3:21)
    at <unknown> (./src
/app/(estudiante)/clase
/[claseId]/page.tsx:8:2
1)
    at <unknown> (https
://nextjs.org/docs/mess
ages/module-not-found)
    at <unknown> (./src
/app/(estudiante)/simul
acro/[simulacroId]/page
.tsx:8:39)
    at <unknown> (https
://nextjs.org/docs/mess
ages/module-not-found)
    at <unknown> (https
://nextjs.org/docs/mess
ages/module-not-found)
    at <unknown> (./src
/app/(estudiante)/clase
/[claseId]/page.tsx:9:1
1)
    at <unknown> (https
://nextjs.org/docs/mess
ages/module-not-found)
    at <unknown> (./src
/app/(auth)/bridge/page
.tsx:13:1)
    at <unknown> (https
://nextjs.org/docs/mess
ages/module-not-found)
    at <unknown> (./src
/app/(auth)/bridge/page
.tsx:11:46)
    at <unknown> (https
://nextjs.org/docs/mess
ages/module-not-found)
